<html>
<body>
<pre>
<h1>µVision Build Log</h1>
<h2>Tool Versions:</h2>
IDE-Version: µVision V5.30.0.0
Copyright (C) 2020 ARM Ltd and ARM Germany GmbH. All rights reserved.
License Information: sidi 33766721171, Itekube, LIC=----
 
Tool Versions:
Toolchain:       MDK-Lite  Version: 5.30.0.0
Toolchain Path:  C:\Keil_v5\ARM\ARMCLANG\Bin
C Compiler:      ArmClang.exe V6.14
Assembler:       Armasm.exe V6.14
Linker/Locator:  ArmLink.exe V6.14
Library Manager: ArmAr.exe V6.14
Hex Converter:   FromElf.exe V6.14
CPU DLL:         SARMCM3.DLL V5.30.0.0
Dialog DLL:      DCM.DLL V1.17.3.0
Target DLL:      STLink\ST-LINKIII-KEIL_SWO.dll V3.0.7.0
Dialog DLL:      TCM.DLL V1.42.0.0
 
<h2>Project:</h2>
C:\Users\33766\Desktop\Itekube_Projects\osKernel\osKernel.uvprojx
Project File Date:  09/08/2020

<h2>Output:</h2>
*** Using Compiler 'V6.14', folder: 'C:\Keil_v5\ARM\ARMCLANG\Bin'
Build target 'STM32L152RE'
Note: source file '.\osKernel.c' - object file renamed from '.\Objects\osKernel.o' to '.\Objects\oskernel_1.o'.
assembling osKernel.s...
osKernel.c(23): warning: no previous extern declaration for non-static variable 'MILLIS_PRESCALER' [-Wmissing-variable-declarations]
uint32_t MILLIS_PRESCALER;
         ^
osKernel.c(23): note: declare 'static' if the variable is not intended to be used outside of this translation unit
uint32_t MILLIS_PRESCALER;
^
osKernel.c(33): warning: no previous extern declaration for non-static variable 'tcbs' [-Wmissing-variable-declarations]
tcbType tcbs[NUM_OF_THREADS];
        ^
osKernel.c(33): note: declare 'static' if the variable is not intended to be used outside of this translation unit
tcbType tcbs[NUM_OF_THREADS];
^
osKernel.c(34): warning: no previous extern declaration for non-static variable 'currentPt' [-Wmissing-variable-declarations]
tcbType *currentPt;
         ^
osKernel.c(34): note: declare 'static' if the variable is not intended to be used outside of this translation unit
tcbType *currentPt;
^
osKernel.c(37): warning: no previous extern declaration for non-static variable 'TCB_STACK' [-Wmissing-variable-declarations]
int32_t TCB_STACK[NUM_OF_THREADS][STACK_SIZE];
        ^
osKernel.c(37): note: declare 'static' if the variable is not intended to be used outside of this translation unit
int32_t TCB_STACK[NUM_OF_THREADS][STACK_SIZE];
^
4 warnings generated.
compiling osKernel.c...
linking...
Program Size: Code=800 RO-data=308 RW-data=0 ZI-data=2880  
".\Objects\osKernel.axf" - 0 Error(s), 4 Warning(s).

<h2>Software Packages used:</h2>

Package Vendor: ARM
                http://www.keil.com/pack/ARM.CMSIS.5.7.0.pack
                ARM.CMSIS.5.7.0
                CMSIS (Cortex Microcontroller Software Interface Standard)
   * Component: CORE Version: 5.4.0

Package Vendor: Keil
                http://www.keil.com/pack/Keil.STM32L1xx_DFP.1.2.0.pack
                Keil.STM32L1xx_DFP.1.2.0
                STMicroelectronics STM32L1 Series Device Support and Examples
   * Component: Startup Version: 2.0.0

<h2>Collection of Component include folders:</h2>
  .\RTE\_STM32L152RE
  C:\Users\33766\AppData\Local\Arm\Packs\ARM\CMSIS\5.7.0\CMSIS\Core\Include
  C:\Users\33766\AppData\Local\Arm\Packs\Keil\STM32L1xx_DFP\1.2.0\Device\Include

<h2>Collection of Component Files used:</h2>

   * Component: ARM::CMSIS:CORE:5.4.0

   * Component: Keil::Device:Startup:2.0.0
      Source file:   Device\Source\ARM\startup_stm32l152xe.s
      Source file:   Device\Source\system_stm32l1xx.c
      Source file:   Device\Source\ARM\STM32L1xx_XL_OPT.s
Build Time Elapsed:  00:00:01
</pre>
</body>
</html>
