Component: ARM Compiler 6.14 Tool: armlink [5db06800]

==============================================================================

Section Cross References

    main.o(.text.Task0) refers to oskernel_1.o(.text.osThreadYield) for osThreadYield
    main.o(.text.Task0) refers to main.o(.bss.count0) for count0
    main.o(.ARM.exidx.text.Task0) refers to main.o(.text.Task0) for [Anonymous Symbol]
    main.o(.ARM.exidx.text.ledOff) refers to main.o(.text.ledOff) for [Anonymous Symbol]
    main.o(.text.Task1) refers to oskernel_1.o(.text.osThreadYield) for osThreadYield
    main.o(.text.Task1) refers to main.o(.bss.count1) for count1
    main.o(.ARM.exidx.text.Task1) refers to main.o(.text.Task1) for [Anonymous Symbol]
    main.o(.ARM.exidx.text.ledOn) refers to main.o(.text.ledOn) for [Anonymous Symbol]
    main.o(.text.Task2) refers to main.o(.bss.count2) for count2
    main.o(.ARM.exidx.text.Task2) refers to main.o(.text.Task2) for [Anonymous Symbol]
    main.o(.ARM.exidx.text.orangeOn) refers to main.o(.text.orangeOn) for [Anonymous Symbol]
    main.o(.text.main) refers to main.o(.text.GPIO_Init) for GPIO_Init
    main.o(.text.main) refers to oskernel_1.o(.text.osKernelInit) for osKernelInit
    main.o(.text.main) refers to oskernel_1.o(.text.osKernelAddThreads) for osKernelAddThreads
    main.o(.text.main) refers to oskernel_1.o(.text.osKernelLaunch) for osKernelLaunch
    main.o(.text.main) refers to main.o(.text.Task0) for Task0
    main.o(.text.main) refers to main.o(.text.Task1) for Task1
    main.o(.text.main) refers to main.o(.text.Task2) for Task2
    main.o(.ARM.exidx.text.main) refers to main.o(.text.main) for [Anonymous Symbol]
    main.o(.ARM.exidx.text.GPIO_Init) refers to main.o(.text.GPIO_Init) for [Anonymous Symbol]
    main.o(.ARM.exidx.text.orangeOff) refers to main.o(.text.orangeOff) for [Anonymous Symbol]
    oskernel.o( .text) refers to oskernel_1.o(.bss..L_MergedGlobals) for currentPt
    oskernel_1.o(.text.osKernelStackInit) refers to oskernel_1.o(.bss.TCB_STACK) for TCB_STACK
    oskernel_1.o(.text.osKernelStackInit) refers to oskernel_1.o(.bss..L_MergedGlobals) for [Anonymous Symbol]
    oskernel_1.o(.ARM.exidx.text.osKernelStackInit) refers to oskernel_1.o(.text.osKernelStackInit) for [Anonymous Symbol]
    oskernel_1.o(.text.osKernelAddThreads) refers to oskernel_1.o(.bss.TCB_STACK) for TCB_STACK
    oskernel_1.o(.text.osKernelAddThreads) refers to oskernel_1.o(.bss..L_MergedGlobals) for [Anonymous Symbol]
    oskernel_1.o(.ARM.exidx.text.osKernelAddThreads) refers to oskernel_1.o(.text.osKernelAddThreads) for [Anonymous Symbol]
    oskernel_1.o(.text.osKernelInit) refers to oskernel_1.o(.bss.MILLIS_PRESCALER) for MILLIS_PRESCALER
    oskernel_1.o(.ARM.exidx.text.osKernelInit) refers to oskernel_1.o(.text.osKernelInit) for [Anonymous Symbol]
    oskernel_1.o(.text.osKernelLaunch) refers to oskernel.o( .text) for osSchedulerLaunch
    oskernel_1.o(.text.osKernelLaunch) refers to oskernel_1.o(.bss.MILLIS_PRESCALER) for MILLIS_PRESCALER
    oskernel_1.o(.ARM.exidx.text.osKernelLaunch) refers to oskernel_1.o(.text.osKernelLaunch) for [Anonymous Symbol]
    oskernel_1.o(.ARM.exidx.text.osThreadYield) refers to oskernel_1.o(.text.osThreadYield) for [Anonymous Symbol]
    startup_stm32l152xe.o(RESET) refers to startup_stm32l152xe.o(STACK) for __initial_sp
    startup_stm32l152xe.o(RESET) refers to startup_stm32l152xe.o(.text) for Reset_Handler
    startup_stm32l152xe.o(RESET) refers to oskernel.o( .text) for SysTick_Handler
    startup_stm32l152xe.o(.text) refers to system_stm32l1xx.o(.text.SystemInit) for SystemInit
    startup_stm32l152xe.o(.text) refers to entry.o(.ARM.Collect$$$$00000000) for __main
    system_stm32l1xx.o(.ARM.exidx.text.SystemInit) refers to system_stm32l1xx.o(.text.SystemInit) for [Anonymous Symbol]
    system_stm32l1xx.o(.text.SystemCoreClockUpdate) refers to system_stm32l1xx.o(.data.SystemCoreClock) for SystemCoreClock
    system_stm32l1xx.o(.ARM.exidx.text.SystemCoreClockUpdate) refers to system_stm32l1xx.o(.text.SystemCoreClockUpdate) for [Anonymous Symbol]
    entry.o(.ARM.Collect$$$$00000000) refers (Special) to entry10a.o(.ARM.Collect$$$$0000000D) for __rt_final_cpp
    entry.o(.ARM.Collect$$$$00000000) refers (Special) to entry11a.o(.ARM.Collect$$$$0000000F) for __rt_final_exit
    entry.o(.ARM.Collect$$$$00000000) refers (Special) to entry7b.o(.ARM.Collect$$$$00000008) for _main_clock
    entry.o(.ARM.Collect$$$$00000000) refers (Special) to entry8b.o(.ARM.Collect$$$$0000000A) for _main_cpp_init
    entry.o(.ARM.Collect$$$$00000000) refers (Special) to entry9a.o(.ARM.Collect$$$$0000000B) for _main_init
    entry.o(.ARM.Collect$$$$00000000) refers (Special) to entry5.o(.ARM.Collect$$$$00000004) for _main_scatterload
    entry.o(.ARM.Collect$$$$00000000) refers (Special) to entry2.o(.ARM.Collect$$$$00000001) for _main_stk
    entry2.o(.ARM.Collect$$$$00000001) refers to entry2.o(.ARM.Collect$$$$00002712) for __lit__00000000
    entry2.o(.ARM.Collect$$$$00002712) refers to startup_stm32l152xe.o(STACK) for __initial_sp
    entry2.o(__vectab_stack_and_reset_area) refers to startup_stm32l152xe.o(STACK) for __initial_sp
    entry2.o(__vectab_stack_and_reset_area) refers to entry.o(.ARM.Collect$$$$00000000) for __main
    entry5.o(.ARM.Collect$$$$00000004) refers to init.o(.text) for __scatterload
    entry9a.o(.ARM.Collect$$$$0000000B) refers to main.o(.text.main) for main
    entry9b.o(.ARM.Collect$$$$0000000C) refers to main.o(.text.main) for main
    init.o(.text) refers to entry5.o(.ARM.Collect$$$$00000004) for __main_after_scatterload


==============================================================================

Removing Unused input sections from the image.

    Removing main.o(.text), (0 bytes).
    Removing main.o(.ARM.exidx.text.Task0), (8 bytes).
    Removing main.o(.text.ledOff), (16 bytes).
    Removing main.o(.ARM.exidx.text.ledOff), (8 bytes).
    Removing main.o(.ARM.exidx.text.Task1), (8 bytes).
    Removing main.o(.text.ledOn), (16 bytes).
    Removing main.o(.ARM.exidx.text.ledOn), (8 bytes).
    Removing main.o(.ARM.exidx.text.Task2), (8 bytes).
    Removing main.o(.text.orangeOn), (16 bytes).
    Removing main.o(.ARM.exidx.text.orangeOn), (8 bytes).
    Removing main.o(.ARM.exidx.text.main), (8 bytes).
    Removing main.o(.ARM.exidx.text.GPIO_Init), (8 bytes).
    Removing main.o(.text.orangeOff), (16 bytes).
    Removing main.o(.ARM.exidx.text.orangeOff), (8 bytes).
    Removing main.o(.ARM.use_no_argv), (4 bytes).
    Removing oskernel_1.o(.text), (0 bytes).
    Removing oskernel_1.o(.text.osKernelStackInit), (40 bytes).
    Removing oskernel_1.o(.ARM.exidx.text.osKernelStackInit), (8 bytes).
    Removing oskernel_1.o(.ARM.exidx.text.osKernelAddThreads), (8 bytes).
    Removing oskernel_1.o(.ARM.exidx.text.osKernelInit), (8 bytes).
    Removing oskernel_1.o(.ARM.exidx.text.osKernelLaunch), (8 bytes).
    Removing oskernel_1.o(.ARM.exidx.text.osThreadYield), (8 bytes).
    Removing startup_stm32l152xe.o(HEAP), (512 bytes).
    Removing system_stm32l1xx.o(.text), (0 bytes).
    Removing system_stm32l1xx.o(.ARM.exidx.text.SystemInit), (8 bytes).
    Removing system_stm32l1xx.o(.text.SystemCoreClockUpdate), (108 bytes).
    Removing system_stm32l1xx.o(.ARM.exidx.text.SystemCoreClockUpdate), (8 bytes).
    Removing system_stm32l1xx.o(.data.SystemCoreClock), (4 bytes).

28 unused section(s) (total 860 bytes) removed from the image.
