Component: ARM Compiler 6.14 Tool: armlink [5db06800]

==============================================================================

Section Cross References

    main.o(.text.Task0) refers to main.o(.bss.count0) for count0
    main.o(.ARM.exidx.text.Task0) refers to main.o(.text.Task0) for [Anonymous Symbol]
    main.o(.ARM.exidx.text.ledOff) refers to main.o(.text.ledOff) for [Anonymous Symbol]
    main.o(.text.Task1) refers to main.o(.bss.count1) for count1
    main.o(.ARM.exidx.text.Task1) refers to main.o(.text.Task1) for [Anonymous Symbol]
    main.o(.ARM.exidx.text.ledOn) refers to main.o(.text.ledOn) for [Anonymous Symbol]
    main.o(.text.Task2) refers to main.o(.bss.count2) for count2
    main.o(.ARM.exidx.text.Task2) refers to main.o(.text.Task2) for [Anonymous Symbol]
    main.o(.ARM.exidx.text.orangeOn) refers to main.o(.text.orangeOn) for [Anonymous Symbol]
    main.o(.text.main) refers to main.o(.text.GPIO_Init) for GPIO_Init
    main.o(.text.main) refers to oskernel_1.o(.text.osKernelInit) for osKernelInit
    main.o(.text.main) refers to oskernel_1.o(.text.osKernelAddThreads) for osKernelAddThreads
    main.o(.text.main) refers to oskernel_1.o(.text.osKernelLaunch) for osKernelLaunch
    main.o(.text.main) refers to main.o(.text.Task0) for Task0
    main.o(.text.main) refers to main.o(.text.Task1) for Task1
    main.o(.text.main) refers to main.o(.text.Task2) for Task2
    main.o(.ARM.exidx.text.main) refers to main.o(.text.main) for [Anonymous Symbol]
    main.o(.ARM.exidx.text.GPIO_Init) refers to main.o(.text.GPIO_Init) for [Anonymous Symbol]
    main.o(.ARM.exidx.text.orangeOff) refers to main.o(.text.orangeOff) for [Anonymous Symbol]
    oskernel.o( .text) refers to oskernel_1.o(.bss..L_MergedGlobals) for currentPt
    oskernel_1.o(.text.osKernelStackInit) refers to oskernel_1.o(.bss.TCB_STACK) for TCB_STACK
    oskernel_1.o(.text.osKernelStackInit) refers to oskernel_1.o(.bss..L_MergedGlobals) for [Anonymous Symbol]
    oskernel_1.o(.ARM.exidx.text.osKernelStackInit) refers to oskernel_1.o(.text.osKernelStackInit) for [Anonymous Symbol]
    oskernel_1.o(.text.osKernelAddThreads) refers to oskernel_1.o(.bss.TCB_STACK) for TCB_STACK
    oskernel_1.o(.text.osKernelAddThreads) refers to oskernel_1.o(.bss..L_MergedGlobals) for [Anonymous Symbol]
    oskernel_1.o(.ARM.exidx.text.osKernelAddThreads) refers to oskernel_1.o(.text.osKernelAddThreads) for [Anonymous Symbol]
    oskernel_1.o(.text.osKernelInit) refers to oskernel_1.o(.bss.MILLIS_PRESCALER) for MILLIS_PRESCALER
    oskernel_1.o(.ARM.exidx.text.osKernelInit) refers to oskernel_1.o(.text.osKernelInit) for [Anonymous Symbol]
    oskernel_1.o(.text.osKernelLaunch) refers to oskernel.o( .text) for osSchedulerLaunch
    oskernel_1.o(.text.osKernelLaunch) refers to oskernel_1.o(.bss.MILLIS_PRESCALER) for MILLIS_PRESCALER
    oskernel_1.o(.ARM.exidx.text.osKernelLaunch) refers to oskernel_1.o(.text.osKernelLaunch) for [Anonymous Symbol]
    startup_stm32l152xe.o(STACK) refers (Special) to heapauxi.o(.text) for __use_two_region_memory
    startup_stm32l152xe.o(HEAP) refers (Special) to heapauxi.o(.text) for __use_two_region_memory
    startup_stm32l152xe.o(RESET) refers (Special) to heapauxi.o(.text) for __use_two_region_memory
    startup_stm32l152xe.o(RESET) refers to startup_stm32l152xe.o(STACK) for __initial_sp
    startup_stm32l152xe.o(RESET) refers to startup_stm32l152xe.o(.text) for Reset_Handler
    startup_stm32l152xe.o(RESET) refers to oskernel.o( .text) for SysTick_Handler
    startup_stm32l152xe.o(.text) refers (Special) to heapauxi.o(.text) for __use_two_region_memory
    startup_stm32l152xe.o(.text) refers to system_stm32l1xx.o(.text.SystemInit) for SystemInit
    startup_stm32l152xe.o(.text) refers to __main.o(!!!main) for __main
    startup_stm32l152xe.o(.text) refers to startup_stm32l152xe.o(HEAP) for Heap_Mem
    startup_stm32l152xe.o(.text) refers to startup_stm32l152xe.o(STACK) for Stack_Mem
    system_stm32l1xx.o(.ARM.exidx.text.SystemInit) refers to system_stm32l1xx.o(.text.SystemInit) for [Anonymous Symbol]
    system_stm32l1xx.o(.text.SystemCoreClockUpdate) refers to system_stm32l1xx.o(.rodata.PLLMulTable) for PLLMulTable
    system_stm32l1xx.o(.text.SystemCoreClockUpdate) refers to system_stm32l1xx.o(.data.SystemCoreClock) for SystemCoreClock
    system_stm32l1xx.o(.text.SystemCoreClockUpdate) refers to system_stm32l1xx.o(.rodata.AHBPrescTable) for AHBPrescTable
    system_stm32l1xx.o(.ARM.exidx.text.SystemCoreClockUpdate) refers to system_stm32l1xx.o(.text.SystemCoreClockUpdate) for [Anonymous Symbol]
    __main.o(!!!main) refers to __rtentry.o(.ARM.Collect$$rtentry$$00000000) for __rt_entry
    __rtentry.o(.ARM.Collect$$rtentry$$00000000) refers (Special) to __rtentry2.o(.ARM.Collect$$rtentry$$0000000A) for __rt_entry_li
    __rtentry.o(.ARM.Collect$$rtentry$$00000000) refers (Special) to __rtentry2.o(.ARM.Collect$$rtentry$$0000000D) for __rt_entry_main
    __rtentry.o(.ARM.Collect$$rtentry$$00000000) refers (Special) to __rtentry2.o(.ARM.Collect$$rtentry$$0000000C) for __rt_entry_postli_1
    __rtentry.o(.ARM.Collect$$rtentry$$00000000) refers (Special) to __rtentry2.o(.ARM.Collect$$rtentry$$00000009) for __rt_entry_postsh_1
    __rtentry.o(.ARM.Collect$$rtentry$$00000000) refers (Special) to __rtentry2.o(.ARM.Collect$$rtentry$$00000002) for __rt_entry_presh_1
    __rtentry.o(.ARM.Collect$$rtentry$$00000000) refers (Special) to __rtentry4.o(.ARM.Collect$$rtentry$$00000004) for __rt_entry_sh
    __rtentry2.o(.ARM.Collect$$rtentry$$00000008) refers to boardinit2.o(.text) for _platform_post_stackheap_init
    __rtentry2.o(.ARM.Collect$$rtentry$$0000000A) refers to libinit.o(.ARM.Collect$$libinit$$00000000) for __rt_lib_init
    __rtentry2.o(.ARM.Collect$$rtentry$$0000000B) refers to boardinit3.o(.text) for _platform_post_lib_init
    __rtentry2.o(.ARM.Collect$$rtentry$$0000000D) refers to main.o(.text.main) for main
    __rtentry2.o(.ARM.Collect$$rtentry$$0000000D) refers to exit.o(.text) for exit
    __rtentry2.o(.ARM.exidx) refers to __rtentry2.o(.ARM.Collect$$rtentry$$00000001) for .ARM.Collect$$rtentry$$00000001
    __rtentry2.o(.ARM.exidx) refers to __rtentry2.o(.ARM.Collect$$rtentry$$00000008) for .ARM.Collect$$rtentry$$00000008
    __rtentry2.o(.ARM.exidx) refers to __rtentry2.o(.ARM.Collect$$rtentry$$0000000A) for .ARM.Collect$$rtentry$$0000000A
    __rtentry2.o(.ARM.exidx) refers to __rtentry2.o(.ARM.Collect$$rtentry$$0000000B) for .ARM.Collect$$rtentry$$0000000B
    __rtentry2.o(.ARM.exidx) refers to __rtentry2.o(.ARM.Collect$$rtentry$$0000000D) for .ARM.Collect$$rtentry$$0000000D
    __rtentry4.o(.ARM.Collect$$rtentry$$00000004) refers to sys_stackheap_outer.o(.text) for __user_setup_stackheap
    __rtentry4.o(.ARM.exidx) refers to __rtentry4.o(.ARM.Collect$$rtentry$$00000004) for .ARM.Collect$$rtentry$$00000004
    sys_stackheap_outer.o(.text) refers to libspace.o(.text) for __user_perproc_libspace
    sys_stackheap_outer.o(.text) refers to startup_stm32l152xe.o(.text) for __user_initial_stackheap
    exit.o(.text) refers to rtexit.o(.ARM.Collect$$rtexit$$00000000) for __rt_exit
    libinit.o(.ARM.Collect$$libinit$$00000000) refers (Special) to libinit2.o(.ARM.Collect$$libinit$$0000002E) for __rt_lib_init_alloca_1
    libinit.o(.ARM.Collect$$libinit$$00000000) refers (Special) to libinit2.o(.ARM.Collect$$libinit$$0000002C) for __rt_lib_init_argv_1
    libinit.o(.ARM.Collect$$libinit$$00000000) refers (Special) to libinit2.o(.ARM.Collect$$libinit$$0000001B) for __rt_lib_init_atexit_1
    libinit.o(.ARM.Collect$$libinit$$00000000) refers (Special) to libinit2.o(.ARM.Collect$$libinit$$00000021) for __rt_lib_init_clock_1
    libinit.o(.ARM.Collect$$libinit$$00000000) refers (Special) to libinit2.o(.ARM.Collect$$libinit$$00000032) for __rt_lib_init_cpp_1
    libinit.o(.ARM.Collect$$libinit$$00000000) refers (Special) to libinit2.o(.ARM.Collect$$libinit$$00000030) for __rt_lib_init_exceptions_1
    libinit.o(.ARM.Collect$$libinit$$00000000) refers (Special) to libinit2.o(.ARM.Collect$$libinit$$00000002) for __rt_lib_init_fp_1
    libinit.o(.ARM.Collect$$libinit$$00000000) refers (Special) to libinit2.o(.ARM.Collect$$libinit$$0000001F) for __rt_lib_init_fp_trap_1
    libinit.o(.ARM.Collect$$libinit$$00000000) refers (Special) to libinit2.o(.ARM.Collect$$libinit$$00000023) for __rt_lib_init_getenv_1
    libinit.o(.ARM.Collect$$libinit$$00000000) refers (Special) to libinit2.o(.ARM.Collect$$libinit$$0000000A) for __rt_lib_init_heap_1
    libinit.o(.ARM.Collect$$libinit$$00000000) refers (Special) to libinit2.o(.ARM.Collect$$libinit$$00000011) for __rt_lib_init_lc_collate_1
    libinit.o(.ARM.Collect$$libinit$$00000000) refers (Special) to libinit2.o(.ARM.Collect$$libinit$$00000013) for __rt_lib_init_lc_ctype_1
    libinit.o(.ARM.Collect$$libinit$$00000000) refers (Special) to libinit2.o(.ARM.Collect$$libinit$$00000015) for __rt_lib_init_lc_monetary_1
    libinit.o(.ARM.Collect$$libinit$$00000000) refers (Special) to libinit2.o(.ARM.Collect$$libinit$$00000017) for __rt_lib_init_lc_numeric_1
    libinit.o(.ARM.Collect$$libinit$$00000000) refers (Special) to libinit2.o(.ARM.Collect$$libinit$$00000019) for __rt_lib_init_lc_time_1
    libinit.o(.ARM.Collect$$libinit$$00000000) refers (Special) to libinit2.o(.ARM.Collect$$libinit$$00000004) for __rt_lib_init_preinit_1
    libinit.o(.ARM.Collect$$libinit$$00000000) refers (Special) to libinit2.o(.ARM.Collect$$libinit$$0000000E) for __rt_lib_init_rand_1
    libinit.o(.ARM.Collect$$libinit$$00000000) refers (Special) to libinit2.o(.ARM.Collect$$libinit$$00000033) for __rt_lib_init_return
    libinit.o(.ARM.Collect$$libinit$$00000000) refers (Special) to libinit2.o(.ARM.Collect$$libinit$$0000001D) for __rt_lib_init_signal_1
    libinit.o(.ARM.Collect$$libinit$$00000000) refers (Special) to libinit2.o(.ARM.Collect$$libinit$$00000025) for __rt_lib_init_stdio_1
    libinit.o(.ARM.Collect$$libinit$$00000000) refers (Special) to libinit2.o(.ARM.Collect$$libinit$$0000000C) for __rt_lib_init_user_alloc_1
    libspace.o(.text) refers to libspace.o(.bss) for __libspace_start
    rtexit.o(.ARM.Collect$$rtexit$$00000000) refers (Special) to rtexit2.o(.ARM.Collect$$rtexit$$00000004) for __rt_exit_exit
    rtexit.o(.ARM.Collect$$rtexit$$00000000) refers (Special) to rtexit2.o(.ARM.Collect$$rtexit$$00000003) for __rt_exit_ls
    rtexit.o(.ARM.Collect$$rtexit$$00000000) refers (Special) to rtexit2.o(.ARM.Collect$$rtexit$$00000002) for __rt_exit_prels_1
    rtexit.o(.ARM.exidx) refers (Special) to rtexit2.o(.ARM.Collect$$rtexit$$00000004) for __rt_exit_exit
    rtexit.o(.ARM.exidx) refers (Special) to rtexit2.o(.ARM.Collect$$rtexit$$00000003) for __rt_exit_ls
    rtexit.o(.ARM.exidx) refers (Special) to rtexit2.o(.ARM.Collect$$rtexit$$00000002) for __rt_exit_prels_1
    rtexit.o(.ARM.exidx) refers to rtexit.o(.ARM.Collect$$rtexit$$00000000) for .ARM.Collect$$rtexit$$00000000
    libinit2.o(.ARM.Collect$$libinit$$00000010) refers to libinit2.o(.ARM.Collect$$libinit$$0000000F) for .ARM.Collect$$libinit$$0000000F
    libinit2.o(.ARM.Collect$$libinit$$00000012) refers to libinit2.o(.ARM.Collect$$libinit$$0000000F) for .ARM.Collect$$libinit$$0000000F
    libinit2.o(.ARM.Collect$$libinit$$00000014) refers to libinit2.o(.ARM.Collect$$libinit$$0000000F) for .ARM.Collect$$libinit$$0000000F
    libinit2.o(.ARM.Collect$$libinit$$00000016) refers to libinit2.o(.ARM.Collect$$libinit$$0000000F) for .ARM.Collect$$libinit$$0000000F
    libinit2.o(.ARM.Collect$$libinit$$00000018) refers to libinit2.o(.ARM.Collect$$libinit$$0000000F) for .ARM.Collect$$libinit$$0000000F
    libinit2.o(.ARM.Collect$$libinit$$00000026) refers to argv_veneer.o(.emb_text) for __ARM_argv_veneer
    libinit2.o(.ARM.Collect$$libinit$$00000027) refers to argv_veneer.o(.emb_text) for __ARM_argv_veneer
    rtexit2.o(.ARM.Collect$$rtexit$$00000003) refers to libshutdown.o(.ARM.Collect$$libshutdown$$00000000) for __rt_lib_shutdown
    rtexit2.o(.ARM.Collect$$rtexit$$00000004) refers to sys_exit.o(.text) for _sys_exit
    rtexit2.o(.ARM.exidx) refers to rtexit2.o(.ARM.Collect$$rtexit$$00000001) for .ARM.Collect$$rtexit$$00000001
    rtexit2.o(.ARM.exidx) refers to rtexit2.o(.ARM.Collect$$rtexit$$00000003) for .ARM.Collect$$rtexit$$00000003
    rtexit2.o(.ARM.exidx) refers to rtexit2.o(.ARM.Collect$$rtexit$$00000004) for .ARM.Collect$$rtexit$$00000004
    argv_veneer.o(.emb_text) refers to no_argv.o(.text) for __ARM_get_argv
    sys_exit.o(.text) refers (Special) to use_no_semi.o(.text) for __I$use$semihosting
    sys_exit.o(.text) refers (Special) to indicate_semi.o(.text) for __semihosting_library_function
    sys_exit_hlt.o(.text) refers (Special) to use_no_semi.o(.text) for __I$use$semihosting
    sys_exit_hlt.o(.text) refers (Special) to indicate_semi.o(.text) for __semihosting_library_function
    _get_argv_nomalloc.o(.text) refers (Special) to hrguard.o(.text) for __heap_region$guard
    _get_argv_nomalloc.o(.text) refers to defsig_rtmem_outer.o(.text) for __rt_SIGRTMEM
    _get_argv_nomalloc.o(.text) refers to sys_command.o(.text) for _sys_command_string
    libshutdown.o(.ARM.Collect$$libshutdown$$00000000) refers (Special) to libshutdown2.o(.ARM.Collect$$libshutdown$$00000002) for __rt_lib_shutdown_cpp_1
    libshutdown.o(.ARM.Collect$$libshutdown$$00000000) refers (Special) to libshutdown2.o(.ARM.Collect$$libshutdown$$00000007) for __rt_lib_shutdown_fp_trap_1
    libshutdown.o(.ARM.Collect$$libshutdown$$00000000) refers (Special) to libshutdown2.o(.ARM.Collect$$libshutdown$$0000000F) for __rt_lib_shutdown_heap_1
    libshutdown.o(.ARM.Collect$$libshutdown$$00000000) refers (Special) to libshutdown2.o(.ARM.Collect$$libshutdown$$00000010) for __rt_lib_shutdown_return
    libshutdown.o(.ARM.Collect$$libshutdown$$00000000) refers (Special) to libshutdown2.o(.ARM.Collect$$libshutdown$$0000000A) for __rt_lib_shutdown_signal_1
    libshutdown.o(.ARM.Collect$$libshutdown$$00000000) refers (Special) to libshutdown2.o(.ARM.Collect$$libshutdown$$00000004) for __rt_lib_shutdown_stdio_1
    libshutdown.o(.ARM.Collect$$libshutdown$$00000000) refers (Special) to libshutdown2.o(.ARM.Collect$$libshutdown$$0000000C) for __rt_lib_shutdown_user_alloc_1
    sys_command.o(.text) refers (Special) to use_no_semi.o(.text) for __I$use$semihosting
    sys_command.o(.text) refers (Special) to indicate_semi.o(.text) for __semihosting_library_function
    sys_command_hlt.o(.text) refers (Special) to use_no_semi.o(.text) for __I$use$semihosting
    sys_command_hlt.o(.text) refers (Special) to indicate_semi.o(.text) for __semihosting_library_function
    defsig_rtmem_outer.o(.text) refers to defsig_rtmem_inner.o(.text) for __rt_SIGRTMEM_inner
    defsig_rtmem_outer.o(.text) refers to defsig_exit.o(.text) for __sig_exit
    defsig_rtmem_formal.o(.text) refers to rt_raise.o(.text) for __rt_raise
    rt_raise.o(.text) refers to __raise.o(.text) for __raise
    rt_raise.o(.text) refers to sys_exit.o(.text) for _sys_exit
    defsig_exit.o(.text) refers to sys_exit.o(.text) for _sys_exit
    defsig_rtmem_inner.o(.text) refers to defsig_general.o(.text) for __default_signal_display
    __raise.o(.text) refers to defsig.o(CL$$defsig) for __default_signal_handler
    defsig_general.o(.text) refers to sys_wrch.o(.text) for _ttywrch
    sys_wrch.o(.text) refers (Special) to use_no_semi.o(.text) for __I$use$semihosting
    sys_wrch.o(.text) refers (Special) to indicate_semi.o(.text) for __semihosting_library_function
    sys_wrch_hlt.o(.text) refers (Special) to use_no_semi.o(.text) for __I$use$semihosting
    sys_wrch_hlt.o(.text) refers (Special) to indicate_semi.o(.text) for __semihosting_library_function
    defsig.o(CL$$defsig) refers to defsig_rtmem_inner.o(.text) for __rt_SIGRTMEM_inner
    defsig_abrt_inner.o(.text) refers to defsig_general.o(.text) for __default_signal_display
    defsig_fpe_inner.o(.text) refers to defsig_general.o(.text) for __default_signal_display
    defsig_rtred_inner.o(.text) refers to defsig_general.o(.text) for __default_signal_display
    defsig_stak_inner.o(.text) refers to defsig_general.o(.text) for __default_signal_display
    defsig_pvfn_inner.o(.text) refers to defsig_general.o(.text) for __default_signal_display
    defsig_cppl_inner.o(.text) refers to defsig_general.o(.text) for __default_signal_display
    defsig_segv_inner.o(.text) refers to defsig_general.o(.text) for __default_signal_display
    defsig_other.o(.text) refers to defsig_general.o(.text) for __default_signal_display


==============================================================================

Removing Unused input sections from the image.

    Removing main.o(.text), (0 bytes).
    Removing main.o(.ARM.exidx.text.Task0), (8 bytes).
    Removing main.o(.text.ledOff), (16 bytes).
    Removing main.o(.ARM.exidx.text.ledOff), (8 bytes).
    Removing main.o(.ARM.exidx.text.Task1), (8 bytes).
    Removing main.o(.text.ledOn), (16 bytes).
    Removing main.o(.ARM.exidx.text.ledOn), (8 bytes).
    Removing main.o(.ARM.exidx.text.Task2), (8 bytes).
    Removing main.o(.text.orangeOn), (16 bytes).
    Removing main.o(.ARM.exidx.text.orangeOn), (8 bytes).
    Removing main.o(.ARM.exidx.text.main), (8 bytes).
    Removing main.o(.ARM.exidx.text.GPIO_Init), (8 bytes).
    Removing main.o(.text.orangeOff), (16 bytes).
    Removing main.o(.ARM.exidx.text.orangeOff), (8 bytes).
    Removing main.o(.ARM.use_no_argv), (4 bytes).
    Removing oskernel_1.o(.text), (0 bytes).
    Removing oskernel_1.o(.text.osKernelStackInit), (40 bytes).
    Removing oskernel_1.o(.ARM.exidx.text.osKernelStackInit), (8 bytes).
    Removing oskernel_1.o(.ARM.exidx.text.osKernelAddThreads), (8 bytes).
    Removing oskernel_1.o(.ARM.exidx.text.osKernelInit), (8 bytes).
    Removing oskernel_1.o(.ARM.exidx.text.osKernelLaunch), (8 bytes).
    Removing system_stm32l1xx.o(.text), (0 bytes).
    Removing system_stm32l1xx.o(.ARM.exidx.text.SystemInit), (8 bytes).
    Removing system_stm32l1xx.o(.text.SystemCoreClockUpdate), (108 bytes).
    Removing system_stm32l1xx.o(.ARM.exidx.text.SystemCoreClockUpdate), (8 bytes).
    Removing system_stm32l1xx.o(.data.SystemCoreClock), (4 bytes).
    Removing system_stm32l1xx.o(.rodata.PLLMulTable), (9 bytes).
    Removing system_stm32l1xx.o(.rodata.AHBPrescTable), (16 bytes).

28 unused section(s) (total 365 bytes) removed from the image.

==============================================================================

Image Symbol Table

    Local Symbols

    Symbol Name                              Value     Ov Type        Size  Object(Section)

    ../clib/angel/boardlib.s                 0x00000000   Number         0  boardinit1.o ABSOLUTE
    ../clib/angel/boardlib.s                 0x00000000   Number         0  boardinit2.o ABSOLUTE
    ../clib/angel/boardlib.s                 0x00000000   Number         0  boardinit3.o ABSOLUTE
    ../clib/angel/boardlib.s                 0x00000000   Number         0  boardshut.o ABSOLUTE
    ../clib/angel/handlers.s                 0x00000000   Number         0  __scatter_zi.o ABSOLUTE
    ../clib/angel/kernel.s                   0x00000000   Number         0  __rtentry.o ABSOLUTE
    ../clib/angel/kernel.s                   0x00000000   Number         0  __rtentry2.o ABSOLUTE
    ../clib/angel/kernel.s                   0x00000000   Number         0  __rtentry4.o ABSOLUTE
    ../clib/angel/kernel.s                   0x00000000   Number         0  rtexit.o ABSOLUTE
    ../clib/angel/kernel.s                   0x00000000   Number         0  rtexit2.o ABSOLUTE
    ../clib/angel/rt.s                       0x00000000   Number         0  rt_raise.o ABSOLUTE
    ../clib/angel/scatter.s                  0x00000000   Number         0  __scatter.o ABSOLUTE
    ../clib/angel/startup.s                  0x00000000   Number         0  __main.o ABSOLUTE
    ../clib/angel/sys.s                      0x00000000   Number         0  sys_stackheap_outer.o ABSOLUTE
    ../clib/angel/sys.s                      0x00000000   Number         0  libspace.o ABSOLUTE
    ../clib/angel/sys.s                      0x00000000   Number         0  use_no_semi.o ABSOLUTE
    ../clib/angel/sys.s                      0x00000000   Number         0  indicate_semi.o ABSOLUTE
    ../clib/angel/sysapp.c                   0x00000000   Number         0  sys_exit.o ABSOLUTE
    ../clib/angel/sysapp.c                   0x00000000   Number         0  sys_exit_hlt.o ABSOLUTE
    ../clib/angel/sysapp.c                   0x00000000   Number         0  sys_command.o ABSOLUTE
    ../clib/angel/sysapp.c                   0x00000000   Number         0  sys_command_hlt.o ABSOLUTE
    ../clib/angel/sysapp.c                   0x00000000   Number         0  sys_wrch.o ABSOLUTE
    ../clib/angel/sysapp.c                   0x00000000   Number         0  sys_wrch_hlt.o ABSOLUTE
    ../clib/armsys.c                         0x00000000   Number         0  argv_veneer.o ABSOLUTE
    ../clib/armsys.c                         0x00000000   Number         0  argv_veneer.o ABSOLUTE
    ../clib/armsys.c                         0x00000000   Number         0  _get_argv_nomalloc.o ABSOLUTE
    ../clib/armsys.c                         0x00000000   Number         0  no_argv.o ABSOLUTE
    ../clib/heapalloc.c                      0x00000000   Number         0  hrguard.o ABSOLUTE
    ../clib/heapaux.c                        0x00000000   Number         0  heapauxi.o ABSOLUTE
    ../clib/libinit.s                        0x00000000   Number         0  libinit.o ABSOLUTE
    ../clib/libinit.s                        0x00000000   Number         0  libinit2.o ABSOLUTE
    ../clib/libinit.s                        0x00000000   Number         0  libshutdown.o ABSOLUTE
    ../clib/libinit.s                        0x00000000   Number         0  libshutdown2.o ABSOLUTE
    ../clib/signal.c                         0x00000000   Number         0  defsig_rtmem_outer.o ABSOLUTE
    ../clib/signal.c                         0x00000000   Number         0  defsig_rtmem_formal.o ABSOLUTE
    ../clib/signal.c                         0x00000000   Number         0  defsig_exit.o ABSOLUTE
    ../clib/signal.c                         0x00000000   Number         0  defsig_rtmem_inner.o ABSOLUTE
    ../clib/signal.c                         0x00000000   Number         0  __raise.o ABSOLUTE
    ../clib/signal.c                         0x00000000   Number         0  defsig_general.o ABSOLUTE
    ../clib/signal.c                         0x00000000   Number         0  defsig_abrt_inner.o ABSOLUTE
    ../clib/signal.c                         0x00000000   Number         0  defsig_fpe_inner.o ABSOLUTE
    ../clib/signal.c                         0x00000000   Number         0  defsig_rtred_inner.o ABSOLUTE
    ../clib/signal.c                         0x00000000   Number         0  defsig_stak_inner.o ABSOLUTE
    ../clib/signal.c                         0x00000000   Number         0  defsig_pvfn_inner.o ABSOLUTE
    ../clib/signal.c                         0x00000000   Number         0  defsig_cppl_inner.o ABSOLUTE
    ../clib/signal.c                         0x00000000   Number         0  defsig_segv_inner.o ABSOLUTE
    ../clib/signal.c                         0x00000000   Number         0  defsig_other.o ABSOLUTE
    ../clib/signal.s                         0x00000000   Number         0  defsig.o ABSOLUTE
    ../clib/stdlib.c                         0x00000000   Number         0  exit.o ABSOLUTE
    ../fplib/fpinit.s                        0x00000000   Number         0  fpinit.o ABSOLUTE
    ../fplib/fpinit_empty.s                  0x00000000   Number         0  fpinit_empty.o ABSOLUTE
    RTE/Device/STM32L152RE/startup_stm32l152xe.s 0x00000000   Number         0  startup_stm32l152xe.o ABSOLUTE
    dc.s                                     0x00000000   Number         0  dc.o ABSOLUTE
    main.c                                   0x00000000   Number         0  main.o ABSOLUTE
    osKernel.c                               0x00000000   Number         0  oskernel_1.o ABSOLUTE
    osKernel.s                               0x00000000   Number         0  oskernel.o ABSOLUTE
    system_stm32l1xx.c                       0x00000000   Number         0  system_stm32l1xx.o ABSOLUTE
    RESET                                    0x08000000   Section      292  startup_stm32l152xe.o(RESET)
     .text                                   0x08000124   Section       64  oskernel.o( .text)
    !!!main                                  0x08000164   Section        8  __main.o(!!!main)
    !!!scatter                               0x0800016c   Section       52  __scatter.o(!!!scatter)
    !!handler_zi                             0x080001a0   Section       28  __scatter_zi.o(!!handler_zi)
    .ARM.Collect$$libinit$$00000000          0x080001bc   Section        2  libinit.o(.ARM.Collect$$libinit$$00000000)
    .ARM.Collect$$libinit$$00000002          0x080001be   Section        0  libinit2.o(.ARM.Collect$$libinit$$00000002)
    .ARM.Collect$$libinit$$00000004          0x080001be   Section        0  libinit2.o(.ARM.Collect$$libinit$$00000004)
    .ARM.Collect$$libinit$$0000000A          0x080001be   Section        0  libinit2.o(.ARM.Collect$$libinit$$0000000A)
    .ARM.Collect$$libinit$$0000000C          0x080001be   Section        0  libinit2.o(.ARM.Collect$$libinit$$0000000C)
    .ARM.Collect$$libinit$$0000000E          0x080001be   Section        0  libinit2.o(.ARM.Collect$$libinit$$0000000E)
    .ARM.Collect$$libinit$$00000011          0x080001be   Section        0  libinit2.o(.ARM.Collect$$libinit$$00000011)
    .ARM.Collect$$libinit$$00000013          0x080001be   Section        0  libinit2.o(.ARM.Collect$$libinit$$00000013)
    .ARM.Collect$$libinit$$00000015          0x080001be   Section        0  libinit2.o(.ARM.Collect$$libinit$$00000015)
    .ARM.Collect$$libinit$$00000017          0x080001be   Section        0  libinit2.o(.ARM.Collect$$libinit$$00000017)
    .ARM.Collect$$libinit$$00000019          0x080001be   Section        0  libinit2.o(.ARM.Collect$$libinit$$00000019)
    .ARM.Collect$$libinit$$0000001B          0x080001be   Section        0  libinit2.o(.ARM.Collect$$libinit$$0000001B)
    .ARM.Collect$$libinit$$0000001D          0x080001be   Section        0  libinit2.o(.ARM.Collect$$libinit$$0000001D)
    .ARM.Collect$$libinit$$0000001F          0x080001be   Section        0  libinit2.o(.ARM.Collect$$libinit$$0000001F)
    .ARM.Collect$$libinit$$00000021          0x080001be   Section        0  libinit2.o(.ARM.Collect$$libinit$$00000021)
    .ARM.Collect$$libinit$$00000023          0x080001be   Section        0  libinit2.o(.ARM.Collect$$libinit$$00000023)
    .ARM.Collect$$libinit$$00000025          0x080001be   Section        0  libinit2.o(.ARM.Collect$$libinit$$00000025)
    .ARM.Collect$$libinit$$0000002C          0x080001be   Section        0  libinit2.o(.ARM.Collect$$libinit$$0000002C)
    .ARM.Collect$$libinit$$0000002E          0x080001be   Section        0  libinit2.o(.ARM.Collect$$libinit$$0000002E)
    .ARM.Collect$$libinit$$00000030          0x080001be   Section        0  libinit2.o(.ARM.Collect$$libinit$$00000030)
    .ARM.Collect$$libinit$$00000032          0x080001be   Section        0  libinit2.o(.ARM.Collect$$libinit$$00000032)
    .ARM.Collect$$libinit$$00000033          0x080001be   Section        2  libinit2.o(.ARM.Collect$$libinit$$00000033)
    .ARM.Collect$$libshutdown$$00000000      0x080001c0   Section        2  libshutdown.o(.ARM.Collect$$libshutdown$$00000000)
    .ARM.Collect$$libshutdown$$00000002      0x080001c2   Section        0  libshutdown2.o(.ARM.Collect$$libshutdown$$00000002)
    .ARM.Collect$$libshutdown$$00000004      0x080001c2   Section        0  libshutdown2.o(.ARM.Collect$$libshutdown$$00000004)
    .ARM.Collect$$libshutdown$$00000007      0x080001c2   Section        0  libshutdown2.o(.ARM.Collect$$libshutdown$$00000007)
    .ARM.Collect$$libshutdown$$0000000A      0x080001c2   Section        0  libshutdown2.o(.ARM.Collect$$libshutdown$$0000000A)
    .ARM.Collect$$libshutdown$$0000000C      0x080001c2   Section        0  libshutdown2.o(.ARM.Collect$$libshutdown$$0000000C)
    .ARM.Collect$$libshutdown$$0000000F      0x080001c2   Section        0  libshutdown2.o(.ARM.Collect$$libshutdown$$0000000F)
    .ARM.Collect$$libshutdown$$00000010      0x080001c2   Section        2  libshutdown2.o(.ARM.Collect$$libshutdown$$00000010)
    .ARM.Collect$$rtentry$$00000000          0x080001c4   Section        0  __rtentry.o(.ARM.Collect$$rtentry$$00000000)
    .ARM.Collect$$rtentry$$00000002          0x080001c4   Section        0  __rtentry2.o(.ARM.Collect$$rtentry$$00000002)
    .ARM.Collect$$rtentry$$00000004          0x080001c4   Section        6  __rtentry4.o(.ARM.Collect$$rtentry$$00000004)
    .ARM.Collect$$rtentry$$00000009          0x080001ca   Section        0  __rtentry2.o(.ARM.Collect$$rtentry$$00000009)
    .ARM.Collect$$rtentry$$0000000A          0x080001ca   Section        4  __rtentry2.o(.ARM.Collect$$rtentry$$0000000A)
    .ARM.Collect$$rtentry$$0000000C          0x080001ce   Section        0  __rtentry2.o(.ARM.Collect$$rtentry$$0000000C)
    .ARM.Collect$$rtentry$$0000000D          0x080001ce   Section        8  __rtentry2.o(.ARM.Collect$$rtentry$$0000000D)
    .ARM.Collect$$rtexit$$00000000           0x080001d6   Section        2  rtexit.o(.ARM.Collect$$rtexit$$00000000)
    .ARM.Collect$$rtexit$$00000002           0x080001d8   Section        0  rtexit2.o(.ARM.Collect$$rtexit$$00000002)
    .ARM.Collect$$rtexit$$00000003           0x080001d8   Section        4  rtexit2.o(.ARM.Collect$$rtexit$$00000003)
    .ARM.Collect$$rtexit$$00000004           0x080001dc   Section        6  rtexit2.o(.ARM.Collect$$rtexit$$00000004)
    .text                                    0x080001e4   Section       64  startup_stm32l152xe.o(.text)
    .text                                    0x08000224   Section        0  heapauxi.o(.text)
    .text                                    0x0800022a   Section       74  sys_stackheap_outer.o(.text)
    .text                                    0x08000274   Section        0  exit.o(.text)
    .text                                    0x08000288   Section        8  libspace.o(.text)
    .text                                    0x08000290   Section        0  sys_exit.o(.text)
    .text                                    0x0800029c   Section        2  use_no_semi.o(.text)
    .text                                    0x0800029e   Section        0  indicate_semi.o(.text)
    [Anonymous Symbol]                       0x080002a0   Section        0  main.o(.text.GPIO_Init)
    __arm_cp.7_1                             0x080002d8   Number         4  main.o(.text.GPIO_Init)
    [Anonymous Symbol]                       0x080002dc   Section        0  system_stm32l1xx.o(.text.SystemInit)
    __arm_cp.0_0                             0x08000314   Number         4  system_stm32l1xx.o(.text.SystemInit)
    __arm_cp.0_1                             0x08000318   Number         4  system_stm32l1xx.o(.text.SystemInit)
    __arm_cp.0_2                             0x0800031c   Number         4  system_stm32l1xx.o(.text.SystemInit)
    __arm_cp.0_3                             0x08000320   Number         4  system_stm32l1xx.o(.text.SystemInit)
    [Anonymous Symbol]                       0x08000324   Section        0  main.o(.text.Task0)
    __arm_cp.0_1                             0x08000338   Number         4  main.o(.text.Task0)
    [Anonymous Symbol]                       0x0800033c   Section        0  main.o(.text.Task1)
    __arm_cp.2_1                             0x08000350   Number         4  main.o(.text.Task1)
    [Anonymous Symbol]                       0x08000354   Section        0  main.o(.text.Task2)
    __arm_cp.4_0                             0x08000368   Number         4  main.o(.text.Task2)
    __arm_cp.4_1                             0x0800036c   Number         4  main.o(.text.Task2)
    [Anonymous Symbol]                       0x08000370   Section        0  main.o(.text.main)
    __arm_cp.6_0                             0x0800038c   Number         4  main.o(.text.main)
    __arm_cp.6_1                             0x08000390   Number         4  main.o(.text.main)
    __arm_cp.6_2                             0x08000394   Number         4  main.o(.text.main)
    [Anonymous Symbol]                       0x08000398   Section        0  oskernel_1.o(.text.osKernelAddThreads)
    __arm_cp.1_0                             0x080003e4   Number         4  oskernel_1.o(.text.osKernelAddThreads)
    __arm_cp.1_1                             0x080003e8   Number         4  oskernel_1.o(.text.osKernelAddThreads)
    [Anonymous Symbol]                       0x080003ec   Section        0  oskernel_1.o(.text.osKernelInit)
    [Anonymous Symbol]                       0x080003fc   Section        0  oskernel_1.o(.text.osKernelLaunch)
    __arm_cp.3_0                             0x08000424   Number         4  oskernel_1.o(.text.osKernelLaunch)
    __arm_cp.3_1                             0x08000428   Number         4  oskernel_1.o(.text.osKernelLaunch)
    .bss                                     0x20000000   Section       96  libspace.o(.bss)
    [Anonymous Symbol]                       0x20000060   Section        0  oskernel_1.o(.bss..L_MergedGlobals)
    Heap_Mem                                 0x20000540   Data         512  startup_stm32l152xe.o(HEAP)
    HEAP                                     0x20000540   Section      512  startup_stm32l152xe.o(HEAP)
    Stack_Mem                                0x20000740   Data        1024  startup_stm32l152xe.o(STACK)
    STACK                                    0x20000740   Section     1024  startup_stm32l152xe.o(STACK)
    __initial_sp                             0x20000b40   Data           0  startup_stm32l152xe.o(STACK)

    Global Symbols

    Symbol Name                              Value     Ov Type        Size  Object(Section)

    BuildAttributes$$THM_ISAv4$P$D$K$B$S$PE$A:L22UL41UL21$X:L11$S22US41US21$IEEE1$IW$~IW$USESV6$~STKCKD$USESV7$~SHL$OSPACE$ROPI$EBA8$UX$STANDARDLIB$REQ8$EABIv2 0x00000000   Number         0  anon$$obj.o ABSOLUTE
    __fp_init_empty                          0x00000000   Number         0  fpinit_empty.o ABSOLUTE
    __ARM_exceptions_init                     - Undefined Weak Reference
    __alloca_initialize                       - Undefined Weak Reference
    __arm_preinit_                            - Undefined Weak Reference
    __cpp_initialize__aeabi_                  - Undefined Weak Reference
    __cxa_finalize                            - Undefined Weak Reference
    __rt_locale                               - Undefined Weak Reference
    __sigvec_lookup                           - Undefined Weak Reference
    _atexit_init                              - Undefined Weak Reference
    _call_atexit_fns                          - Undefined Weak Reference
    _clock_init                               - Undefined Weak Reference
    _fp_trap_init                             - Undefined Weak Reference
    _fp_trap_shutdown                         - Undefined Weak Reference
    _get_lc_collate                           - Undefined Weak Reference
    _get_lc_ctype                             - Undefined Weak Reference
    _get_lc_monetary                          - Undefined Weak Reference
    _get_lc_numeric                           - Undefined Weak Reference
    _get_lc_time                              - Undefined Weak Reference
    _getenv_init                              - Undefined Weak Reference
    _handle_redirection                       - Undefined Weak Reference
    _init_alloc                               - Undefined Weak Reference
    _init_user_alloc                          - Undefined Weak Reference
    _initio                                   - Undefined Weak Reference
    _rand_init                                - Undefined Weak Reference
    _signal_finish                            - Undefined Weak Reference
    _signal_init                              - Undefined Weak Reference
    _terminate_alloc                          - Undefined Weak Reference
    _terminate_user_alloc                     - Undefined Weak Reference
    _terminateio                              - Undefined Weak Reference
    __Vectors_Size                           0x00000124   Number         0  startup_stm32l152xe.o ABSOLUTE
    __Vectors                                0x08000000   Data           4  startup_stm32l152xe.o(RESET)
    SysTick_Handler                          0x08000125   Thumb Code     0  oskernel.o( .text)
    __Vectors_End                            0x08000124   Data           0  startup_stm32l152xe.o(RESET)
    osSchedulerLaunch                        0x08000143   Thumb Code     0  oskernel.o( .text)
    __main                                   0x08000165   Thumb Code     8  __main.o(!!!main)
    __scatterload                            0x0800016d   Thumb Code     0  __scatter.o(!!!scatter)
    __scatterload_rt2                        0x0800016d   Thumb Code    44  __scatter.o(!!!scatter)
    __scatterload_rt2_thumb_only             0x0800016d   Thumb Code     0  __scatter.o(!!!scatter)
    __scatterload_null                       0x0800017b   Thumb Code     0  __scatter.o(!!!scatter)
    __scatterload_zeroinit                   0x080001a1   Thumb Code    28  __scatter_zi.o(!!handler_zi)
    __rt_lib_init                            0x080001bd   Thumb Code     0  libinit.o(.ARM.Collect$$libinit$$00000000)
    __rt_lib_init_alloca_1                   0x080001bf   Thumb Code     0  libinit2.o(.ARM.Collect$$libinit$$0000002E)
    __rt_lib_init_argv_1                     0x080001bf   Thumb Code     0  libinit2.o(.ARM.Collect$$libinit$$0000002C)
    __rt_lib_init_atexit_1                   0x080001bf   Thumb Code     0  libinit2.o(.ARM.Collect$$libinit$$0000001B)
    __rt_lib_init_clock_1                    0x080001bf   Thumb Code     0  libinit2.o(.ARM.Collect$$libinit$$00000021)
    __rt_lib_init_cpp_1                      0x080001bf   Thumb Code     0  libinit2.o(.ARM.Collect$$libinit$$00000032)
    __rt_lib_init_exceptions_1               0x080001bf   Thumb Code     0  libinit2.o(.ARM.Collect$$libinit$$00000030)
    __rt_lib_init_fp_1                       0x080001bf   Thumb Code     0  libinit2.o(.ARM.Collect$$libinit$$00000002)
    __rt_lib_init_fp_trap_1                  0x080001bf   Thumb Code     0  libinit2.o(.ARM.Collect$$libinit$$0000001F)
    __rt_lib_init_getenv_1                   0x080001bf   Thumb Code     0  libinit2.o(.ARM.Collect$$libinit$$00000023)
    __rt_lib_init_heap_1                     0x080001bf   Thumb Code     0  libinit2.o(.ARM.Collect$$libinit$$0000000A)
    __rt_lib_init_lc_collate_1               0x080001bf   Thumb Code     0  libinit2.o(.ARM.Collect$$libinit$$00000011)
    __rt_lib_init_lc_ctype_1                 0x080001bf   Thumb Code     0  libinit2.o(.ARM.Collect$$libinit$$00000013)
    __rt_lib_init_lc_monetary_1              0x080001bf   Thumb Code     0  libinit2.o(.ARM.Collect$$libinit$$00000015)
    __rt_lib_init_lc_numeric_1               0x080001bf   Thumb Code     0  libinit2.o(.ARM.Collect$$libinit$$00000017)
    __rt_lib_init_lc_time_1                  0x080001bf   Thumb Code     0  libinit2.o(.ARM.Collect$$libinit$$00000019)
    __rt_lib_init_preinit_1                  0x080001bf   Thumb Code     0  libinit2.o(.ARM.Collect$$libinit$$00000004)
    __rt_lib_init_rand_1                     0x080001bf   Thumb Code     0  libinit2.o(.ARM.Collect$$libinit$$0000000E)
    __rt_lib_init_return                     0x080001bf   Thumb Code     0  libinit2.o(.ARM.Collect$$libinit$$00000033)
    __rt_lib_init_signal_1                   0x080001bf   Thumb Code     0  libinit2.o(.ARM.Collect$$libinit$$0000001D)
    __rt_lib_init_stdio_1                    0x080001bf   Thumb Code     0  libinit2.o(.ARM.Collect$$libinit$$00000025)
    __rt_lib_init_user_alloc_1               0x080001bf   Thumb Code     0  libinit2.o(.ARM.Collect$$libinit$$0000000C)
    __rt_lib_shutdown                        0x080001c1   Thumb Code     0  libshutdown.o(.ARM.Collect$$libshutdown$$00000000)
    __rt_lib_shutdown_cpp_1                  0x080001c3   Thumb Code     0  libshutdown2.o(.ARM.Collect$$libshutdown$$00000002)
    __rt_lib_shutdown_fp_trap_1              0x080001c3   Thumb Code     0  libshutdown2.o(.ARM.Collect$$libshutdown$$00000007)
    __rt_lib_shutdown_heap_1                 0x080001c3   Thumb Code     0  libshutdown2.o(.ARM.Collect$$libshutdown$$0000000F)
    __rt_lib_shutdown_return                 0x080001c3   Thumb Code     0  libshutdown2.o(.ARM.Collect$$libshutdown$$00000010)
    __rt_lib_shutdown_signal_1               0x080001c3   Thumb Code     0  libshutdown2.o(.ARM.Collect$$libshutdown$$0000000A)
    __rt_lib_shutdown_stdio_1                0x080001c3   Thumb Code     0  libshutdown2.o(.ARM.Collect$$libshutdown$$00000004)
    __rt_lib_shutdown_user_alloc_1           0x080001c3   Thumb Code     0  libshutdown2.o(.ARM.Collect$$libshutdown$$0000000C)
    __rt_entry                               0x080001c5   Thumb Code     0  __rtentry.o(.ARM.Collect$$rtentry$$00000000)
    __rt_entry_presh_1                       0x080001c5   Thumb Code     0  __rtentry2.o(.ARM.Collect$$rtentry$$00000002)
    __rt_entry_sh                            0x080001c5   Thumb Code     0  __rtentry4.o(.ARM.Collect$$rtentry$$00000004)
    __rt_entry_li                            0x080001cb   Thumb Code     0  __rtentry2.o(.ARM.Collect$$rtentry$$0000000A)
    __rt_entry_postsh_1                      0x080001cb   Thumb Code     0  __rtentry2.o(.ARM.Collect$$rtentry$$00000009)
    __rt_entry_main                          0x080001cf   Thumb Code     0  __rtentry2.o(.ARM.Collect$$rtentry$$0000000D)
    __rt_entry_postli_1                      0x080001cf   Thumb Code     0  __rtentry2.o(.ARM.Collect$$rtentry$$0000000C)
    __rt_exit                                0x080001d7   Thumb Code     0  rtexit.o(.ARM.Collect$$rtexit$$00000000)
    __rt_exit_ls                             0x080001d9   Thumb Code     0  rtexit2.o(.ARM.Collect$$rtexit$$00000003)
    __rt_exit_prels_1                        0x080001d9   Thumb Code     0  rtexit2.o(.ARM.Collect$$rtexit$$00000002)
    __rt_exit_exit                           0x080001dd   Thumb Code     0  rtexit2.o(.ARM.Collect$$rtexit$$00000004)
    Reset_Handler                            0x080001e5   Thumb Code     8  startup_stm32l152xe.o(.text)
    NMI_Handler                              0x080001ed   Thumb Code     2  startup_stm32l152xe.o(.text)
    HardFault_Handler                        0x080001ef   Thumb Code     2  startup_stm32l152xe.o(.text)
    MemManage_Handler                        0x080001f1   Thumb Code     2  startup_stm32l152xe.o(.text)
    BusFault_Handler                         0x080001f3   Thumb Code     2  startup_stm32l152xe.o(.text)
    UsageFault_Handler                       0x080001f5   Thumb Code     2  startup_stm32l152xe.o(.text)
    SVC_Handler                              0x080001f7   Thumb Code     2  startup_stm32l152xe.o(.text)
    DebugMon_Handler                         0x080001f9   Thumb Code     2  startup_stm32l152xe.o(.text)
    PendSV_Handler                           0x080001fb   Thumb Code     2  startup_stm32l152xe.o(.text)
    ADC1_IRQHandler                          0x080001ff   Thumb Code     0  startup_stm32l152xe.o(.text)
    COMP_ACQ_IRQHandler                      0x080001ff   Thumb Code     0  startup_stm32l152xe.o(.text)
    COMP_IRQHandler                          0x080001ff   Thumb Code     0  startup_stm32l152xe.o(.text)
    DAC_IRQHandler                           0x080001ff   Thumb Code     0  startup_stm32l152xe.o(.text)
    DMA1_Channel1_IRQHandler                 0x080001ff   Thumb Code     0  startup_stm32l152xe.o(.text)
    DMA1_Channel2_IRQHandler                 0x080001ff   Thumb Code     0  startup_stm32l152xe.o(.text)
    DMA1_Channel3_IRQHandler                 0x080001ff   Thumb Code     0  startup_stm32l152xe.o(.text)
    DMA1_Channel4_IRQHandler                 0x080001ff   Thumb Code     0  startup_stm32l152xe.o(.text)
    DMA1_Channel5_IRQHandler                 0x080001ff   Thumb Code     0  startup_stm32l152xe.o(.text)
    DMA1_Channel6_IRQHandler                 0x080001ff   Thumb Code     0  startup_stm32l152xe.o(.text)
    DMA1_Channel7_IRQHandler                 0x080001ff   Thumb Code     0  startup_stm32l152xe.o(.text)
    DMA2_Channel1_IRQHandler                 0x080001ff   Thumb Code     0  startup_stm32l152xe.o(.text)
    DMA2_Channel2_IRQHandler                 0x080001ff   Thumb Code     0  startup_stm32l152xe.o(.text)
    DMA2_Channel3_IRQHandler                 0x080001ff   Thumb Code     0  startup_stm32l152xe.o(.text)
    DMA2_Channel4_IRQHandler                 0x080001ff   Thumb Code     0  startup_stm32l152xe.o(.text)
    DMA2_Channel5_IRQHandler                 0x080001ff   Thumb Code     0  startup_stm32l152xe.o(.text)
    EXTI0_IRQHandler                         0x080001ff   Thumb Code     0  startup_stm32l152xe.o(.text)
    EXTI15_10_IRQHandler                     0x080001ff   Thumb Code     0  startup_stm32l152xe.o(.text)
    EXTI1_IRQHandler                         0x080001ff   Thumb Code     0  startup_stm32l152xe.o(.text)
    EXTI2_IRQHandler                         0x080001ff   Thumb Code     0  startup_stm32l152xe.o(.text)
    EXTI3_IRQHandler                         0x080001ff   Thumb Code     0  startup_stm32l152xe.o(.text)
    EXTI4_IRQHandler                         0x080001ff   Thumb Code     0  startup_stm32l152xe.o(.text)
    EXTI9_5_IRQHandler                       0x080001ff   Thumb Code     0  startup_stm32l152xe.o(.text)
    FLASH_IRQHandler                         0x080001ff   Thumb Code     0  startup_stm32l152xe.o(.text)
    I2C1_ER_IRQHandler                       0x080001ff   Thumb Code     0  startup_stm32l152xe.o(.text)
    I2C1_EV_IRQHandler                       0x080001ff   Thumb Code     0  startup_stm32l152xe.o(.text)
    I2C2_ER_IRQHandler                       0x080001ff   Thumb Code     0  startup_stm32l152xe.o(.text)
    I2C2_EV_IRQHandler                       0x080001ff   Thumb Code     0  startup_stm32l152xe.o(.text)
    LCD_IRQHandler                           0x080001ff   Thumb Code     0  startup_stm32l152xe.o(.text)
    PVD_IRQHandler                           0x080001ff   Thumb Code     0  startup_stm32l152xe.o(.text)
    RCC_IRQHandler                           0x080001ff   Thumb Code     0  startup_stm32l152xe.o(.text)
    RTC_Alarm_IRQHandler                     0x080001ff   Thumb Code     0  startup_stm32l152xe.o(.text)
    RTC_WKUP_IRQHandler                      0x080001ff   Thumb Code     0  startup_stm32l152xe.o(.text)
    SPI1_IRQHandler                          0x080001ff   Thumb Code     0  startup_stm32l152xe.o(.text)
    SPI2_IRQHandler                          0x080001ff   Thumb Code     0  startup_stm32l152xe.o(.text)
    SPI3_IRQHandler                          0x080001ff   Thumb Code     0  startup_stm32l152xe.o(.text)
    TAMPER_STAMP_IRQHandler                  0x080001ff   Thumb Code     0  startup_stm32l152xe.o(.text)
    TIM10_IRQHandler                         0x080001ff   Thumb Code     0  startup_stm32l152xe.o(.text)
    TIM11_IRQHandler                         0x080001ff   Thumb Code     0  startup_stm32l152xe.o(.text)
    TIM2_IRQHandler                          0x080001ff   Thumb Code     0  startup_stm32l152xe.o(.text)
    TIM3_IRQHandler                          0x080001ff   Thumb Code     0  startup_stm32l152xe.o(.text)
    TIM4_IRQHandler                          0x080001ff   Thumb Code     0  startup_stm32l152xe.o(.text)
    TIM5_IRQHandler                          0x080001ff   Thumb Code     0  startup_stm32l152xe.o(.text)
    TIM6_IRQHandler                          0x080001ff   Thumb Code     0  startup_stm32l152xe.o(.text)
    TIM7_IRQHandler                          0x080001ff   Thumb Code     0  startup_stm32l152xe.o(.text)
    TIM9_IRQHandler                          0x080001ff   Thumb Code     0  startup_stm32l152xe.o(.text)
    UART4_IRQHandler                         0x080001ff   Thumb Code     0  startup_stm32l152xe.o(.text)
    UART5_IRQHandler                         0x080001ff   Thumb Code     0  startup_stm32l152xe.o(.text)
    USART1_IRQHandler                        0x080001ff   Thumb Code     0  startup_stm32l152xe.o(.text)
    USART2_IRQHandler                        0x080001ff   Thumb Code     0  startup_stm32l152xe.o(.text)
    USART3_IRQHandler                        0x080001ff   Thumb Code     0  startup_stm32l152xe.o(.text)
    USB_FS_WKUP_IRQHandler                   0x080001ff   Thumb Code     0  startup_stm32l152xe.o(.text)
    USB_HP_IRQHandler                        0x080001ff   Thumb Code     0  startup_stm32l152xe.o(.text)
    USB_LP_IRQHandler                        0x080001ff   Thumb Code     0  startup_stm32l152xe.o(.text)
    WWDG_IRQHandler                          0x080001ff   Thumb Code     0  startup_stm32l152xe.o(.text)
    __user_initial_stackheap                 0x08000201   Thumb Code     0  startup_stm32l152xe.o(.text)
    __use_two_region_memory                  0x08000225   Thumb Code     2  heapauxi.o(.text)
    __rt_heap_escrow$2region                 0x08000227   Thumb Code     2  heapauxi.o(.text)
    __rt_heap_expand$2region                 0x08000229   Thumb Code     2  heapauxi.o(.text)
    __user_setup_stackheap                   0x0800022b   Thumb Code    74  sys_stackheap_outer.o(.text)
    exit                                     0x08000275   Thumb Code    18  exit.o(.text)
    __user_libspace                          0x08000289   Thumb Code     8  libspace.o(.text)
    __user_perproc_libspace                  0x08000289   Thumb Code     0  libspace.o(.text)
    __user_perthread_libspace                0x08000289   Thumb Code     0  libspace.o(.text)
    _sys_exit                                0x08000291   Thumb Code     8  sys_exit.o(.text)
    __I$use$semihosting                      0x0800029d   Thumb Code     0  use_no_semi.o(.text)
    __use_no_semihosting_swi                 0x0800029d   Thumb Code     2  use_no_semi.o(.text)
    __semihosting_library_function           0x0800029f   Thumb Code     0  indicate_semi.o(.text)
    GPIO_Init                                0x080002a1   Thumb Code    60  main.o(.text.GPIO_Init)
    SystemInit                               0x080002dd   Thumb Code    72  system_stm32l1xx.o(.text.SystemInit)
    Task0                                    0x08000325   Thumb Code    24  main.o(.text.Task0)
    Task1                                    0x0800033d   Thumb Code    24  main.o(.text.Task1)
    Task2                                    0x08000355   Thumb Code    28  main.o(.text.Task2)
    main                                     0x08000371   Thumb Code    40  main.o(.text.main)
    osKernelAddThreads                       0x08000399   Thumb Code    84  oskernel_1.o(.text.osKernelAddThreads)
    osKernelInit                             0x080003ed   Thumb Code    16  oskernel_1.o(.text.osKernelInit)
    osKernelLaunch                           0x080003fd   Thumb Code    48  oskernel_1.o(.text.osKernelLaunch)
    Region$$Table$$Base                      0x0800042c   Number         0  anon$$obj.o(Region$$Table)
    Region$$Table$$Limit                     0x0800043c   Number         0  anon$$obj.o(Region$$Table)
    __libspace_start                         0x20000000   Data          96  libspace.o(.bss)
    __temporary_stack_top$libspace           0x20000060   Data           0  libspace.o(.bss)
    currentPt                                0x20000060   Data           4  oskernel_1.o(.bss..L_MergedGlobals)
    tcbs                                     0x20000064   Data          24  oskernel_1.o(.bss..L_MergedGlobals)
    MILLIS_PRESCALER                         0x2000007c   Data           4  oskernel_1.o(.bss.MILLIS_PRESCALER)
    TCB_STACK                                0x20000080   Data        1200  oskernel_1.o(.bss.TCB_STACK)
    count0                                   0x20000530   Data           4  main.o(.bss.count0)
    count1                                   0x20000534   Data           4  main.o(.bss.count1)
    count2                                   0x20000538   Data           4  main.o(.bss.count2)



==============================================================================

Memory Map of the image

  Image Entry point : 0x080001e5

  Load Region LR_1 (Base: 0x08000000, Size: 0x0000043c, Max: 0xffffffff, ABSOLUTE)

    Execution Region ER_RO (Exec base: 0x08000000, Load base: 0x08000000, Size: 0x0000043c, Max: 0xffffffff, ABSOLUTE)

    Exec Addr    Load Addr    Size         Type   Attr      Idx    E Section Name        Object

    0x08000000   0x08000000   0x00000124   Data   RO           56    RESET               startup_stm32l152xe.o
    0x08000124   0x08000124   0x00000040   Code   RO           30     .text              oskernel.o
    0x08000164   0x08000164   0x00000008   Code   RO           80  * !!!main             c_w.l(__main.o)
    0x0800016c   0x0800016c   0x00000034   Code   RO          243    !!!scatter          c_w.l(__scatter.o)
    0x080001a0   0x080001a0   0x0000001c   Code   RO          245    !!handler_zi        c_w.l(__scatter_zi.o)
    0x080001bc   0x080001bc   0x00000002   Code   RO          107    .ARM.Collect$$libinit$$00000000  c_w.l(libinit.o)
    0x080001be   0x080001be   0x00000000   Code   RO          114    .ARM.Collect$$libinit$$00000002  c_w.l(libinit2.o)
    0x080001be   0x080001be   0x00000000   Code   RO          116    .ARM.Collect$$libinit$$00000004  c_w.l(libinit2.o)
    0x080001be   0x080001be   0x00000000   Code   RO          119    .ARM.Collect$$libinit$$0000000A  c_w.l(libinit2.o)
    0x080001be   0x080001be   0x00000000   Code   RO          121    .ARM.Collect$$libinit$$0000000C  c_w.l(libinit2.o)
    0x080001be   0x080001be   0x00000000   Code   RO          123    .ARM.Collect$$libinit$$0000000E  c_w.l(libinit2.o)
    0x080001be   0x080001be   0x00000000   Code   RO          126    .ARM.Collect$$libinit$$00000011  c_w.l(libinit2.o)
    0x080001be   0x080001be   0x00000000   Code   RO          128    .ARM.Collect$$libinit$$00000013  c_w.l(libinit2.o)
    0x080001be   0x080001be   0x00000000   Code   RO          130    .ARM.Collect$$libinit$$00000015  c_w.l(libinit2.o)
    0x080001be   0x080001be   0x00000000   Code   RO          132    .ARM.Collect$$libinit$$00000017  c_w.l(libinit2.o)
    0x080001be   0x080001be   0x00000000   Code   RO          134    .ARM.Collect$$libinit$$00000019  c_w.l(libinit2.o)
    0x080001be   0x080001be   0x00000000   Code   RO          136    .ARM.Collect$$libinit$$0000001B  c_w.l(libinit2.o)
    0x080001be   0x080001be   0x00000000   Code   RO          138    .ARM.Collect$$libinit$$0000001D  c_w.l(libinit2.o)
    0x080001be   0x080001be   0x00000000   Code   RO          140    .ARM.Collect$$libinit$$0000001F  c_w.l(libinit2.o)
    0x080001be   0x080001be   0x00000000   Code   RO          142    .ARM.Collect$$libinit$$00000021  c_w.l(libinit2.o)
    0x080001be   0x080001be   0x00000000   Code   RO          144    .ARM.Collect$$libinit$$00000023  c_w.l(libinit2.o)
    0x080001be   0x080001be   0x00000000   Code   RO          146    .ARM.Collect$$libinit$$00000025  c_w.l(libinit2.o)
    0x080001be   0x080001be   0x00000000   Code   RO          150    .ARM.Collect$$libinit$$0000002C  c_w.l(libinit2.o)
    0x080001be   0x080001be   0x00000000   Code   RO          152    .ARM.Collect$$libinit$$0000002E  c_w.l(libinit2.o)
    0x080001be   0x080001be   0x00000000   Code   RO          154    .ARM.Collect$$libinit$$00000030  c_w.l(libinit2.o)
    0x080001be   0x080001be   0x00000000   Code   RO          156    .ARM.Collect$$libinit$$00000032  c_w.l(libinit2.o)
    0x080001be   0x080001be   0x00000002   Code   RO          157    .ARM.Collect$$libinit$$00000033  c_w.l(libinit2.o)
    0x080001c0   0x080001c0   0x00000002   Code   RO          179    .ARM.Collect$$libshutdown$$00000000  c_w.l(libshutdown.o)
    0x080001c2   0x080001c2   0x00000000   Code   RO          194    .ARM.Collect$$libshutdown$$00000002  c_w.l(libshutdown2.o)
    0x080001c2   0x080001c2   0x00000000   Code   RO          196    .ARM.Collect$$libshutdown$$00000004  c_w.l(libshutdown2.o)
    0x080001c2   0x080001c2   0x00000000   Code   RO          199    .ARM.Collect$$libshutdown$$00000007  c_w.l(libshutdown2.o)
    0x080001c2   0x080001c2   0x00000000   Code   RO          202    .ARM.Collect$$libshutdown$$0000000A  c_w.l(libshutdown2.o)
    0x080001c2   0x080001c2   0x00000000   Code   RO          204    .ARM.Collect$$libshutdown$$0000000C  c_w.l(libshutdown2.o)
    0x080001c2   0x080001c2   0x00000000   Code   RO          207    .ARM.Collect$$libshutdown$$0000000F  c_w.l(libshutdown2.o)
    0x080001c2   0x080001c2   0x00000002   Code   RO          208    .ARM.Collect$$libshutdown$$00000010  c_w.l(libshutdown2.o)
    0x080001c4   0x080001c4   0x00000000   Code   RO           82    .ARM.Collect$$rtentry$$00000000  c_w.l(__rtentry.o)
    0x080001c4   0x080001c4   0x00000000   Code   RO           84    .ARM.Collect$$rtentry$$00000002  c_w.l(__rtentry2.o)
    0x080001c4   0x080001c4   0x00000006   Code   RO           96    .ARM.Collect$$rtentry$$00000004  c_w.l(__rtentry4.o)
    0x080001ca   0x080001ca   0x00000000   Code   RO           86    .ARM.Collect$$rtentry$$00000009  c_w.l(__rtentry2.o)
    0x080001ca   0x080001ca   0x00000004   Code   RO           87    .ARM.Collect$$rtentry$$0000000A  c_w.l(__rtentry2.o)
    0x080001ce   0x080001ce   0x00000000   Code   RO           89    .ARM.Collect$$rtentry$$0000000C  c_w.l(__rtentry2.o)
    0x080001ce   0x080001ce   0x00000008   Code   RO           90    .ARM.Collect$$rtentry$$0000000D  c_w.l(__rtentry2.o)
    0x080001d6   0x080001d6   0x00000002   Code   RO          111    .ARM.Collect$$rtexit$$00000000  c_w.l(rtexit.o)
    0x080001d8   0x080001d8   0x00000000   Code   RO          159    .ARM.Collect$$rtexit$$00000002  c_w.l(rtexit2.o)
    0x080001d8   0x080001d8   0x00000004   Code   RO          160    .ARM.Collect$$rtexit$$00000003  c_w.l(rtexit2.o)
    0x080001dc   0x080001dc   0x00000006   Code   RO          161    .ARM.Collect$$rtexit$$00000004  c_w.l(rtexit2.o)
    0x080001e2   0x080001e2   0x00000002   PAD
    0x080001e4   0x080001e4   0x00000040   Code   RO           57  * .text               startup_stm32l152xe.o
    0x08000224   0x08000224   0x00000006   Code   RO           78    .text               c_w.l(heapauxi.o)
    0x0800022a   0x0800022a   0x0000004a   Code   RO           98    .text               c_w.l(sys_stackheap_outer.o)
    0x08000274   0x08000274   0x00000012   Code   RO          100    .text               c_w.l(exit.o)
    0x08000286   0x08000286   0x00000002   PAD
    0x08000288   0x08000288   0x00000008   Code   RO          108    .text               c_w.l(libspace.o)
    0x08000290   0x08000290   0x0000000c   Code   RO          169    .text               c_w.l(sys_exit.o)
    0x0800029c   0x0800029c   0x00000002   Code   RO          184    .text               c_w.l(use_no_semi.o)
    0x0800029e   0x0800029e   0x00000000   Code   RO          186    .text               c_w.l(indicate_semi.o)
    0x0800029e   0x0800029e   0x00000002   PAD
    0x080002a0   0x080002a0   0x0000003c   Code   RO           16    .text.GPIO_Init     main.o
    0x080002dc   0x080002dc   0x00000048   Code   RO           62    .text.SystemInit    system_stm32l1xx.o
    0x08000324   0x08000324   0x00000018   Code   RO            2    .text.Task0         main.o
    0x0800033c   0x0800033c   0x00000018   Code   RO            6    .text.Task1         main.o
    0x08000354   0x08000354   0x0000001c   Code   RO           10    .text.Task2         main.o
    0x08000370   0x08000370   0x00000028   Code   RO           14    .text.main          main.o
    0x08000398   0x08000398   0x00000054   Code   RO           38    .text.osKernelAddThreads  oskernel_1.o
    0x080003ec   0x080003ec   0x00000010   Code   RO           40    .text.osKernelInit  oskernel_1.o
    0x080003fc   0x080003fc   0x00000030   Code   RO           42    .text.osKernelLaunch  oskernel_1.o
    0x0800042c   0x0800042c   0x00000010   Data   RO          242    Region$$Table       anon$$obj.o


    Execution Region ER_RW (Exec base: 0x20000000, Load base: 0x0800043c, Size: 0x00000000, Max: 0xffffffff, ABSOLUTE)

    **** No section assigned to this execution region ****


    Execution Region ER_ZI (Exec base: 0x20000000, Load base: 0x0800043c, Size: 0x00000b40, Max: 0xffffffff, ABSOLUTE)

    Exec Addr    Load Addr    Size         Type   Attr      Idx    E Section Name        Object

    0x20000000        -       0x00000060   Zero   RW          109    .bss                c_w.l(libspace.o)
    0x20000060        -       0x0000001c   Zero   RW           46    .bss..L_MergedGlobals  oskernel_1.o
    0x2000007c        -       0x00000004   Zero   RW           45    .bss.MILLIS_PRESCALER  oskernel_1.o
    0x20000080        -       0x000004b0   Zero   RW           44    .bss.TCB_STACK      oskernel_1.o
    0x20000530        -       0x00000004   Zero   RW           20    .bss.count0         main.o
    0x20000534        -       0x00000004   Zero   RW           21    .bss.count1         main.o
    0x20000538        -       0x00000004   Zero   RW           22    .bss.count2         main.o
    0x2000053c   0x0800043c   0x00000004   PAD
    0x20000540        -       0x00000200   Zero   RW           55    HEAP                startup_stm32l152xe.o
    0x20000740        -       0x00000400   Zero   RW           54    STACK               startup_stm32l152xe.o


==============================================================================

Image component sizes


      Code (inc. data)   RO Data    RW Data    ZI Data      Debug   Object Name

       176         32          0          0         12       2170   main.o
        64          4          0          0          0        252   oskernel.o
       148         16          0          0       1232       2153   oskernel_1.o
        64         26        292          0       1536        796   startup_stm32l152xe.o
        72         16          0          0          0       2362   system_stm32l1xx.o

    ----------------------------------------------------------------------
       524         94        308          0       2784       7733   Object Totals
         0          0         16          0          0          0   (incl. Generated)
         0          0          0          0          4          0   (incl. Padding)

    ----------------------------------------------------------------------

      Code (inc. data)   RO Data    RW Data    ZI Data      Debug   Library Member Name

         8          0          0          0          0         68   __main.o
         0          0          0          0          0          0   __rtentry.o
        12          0          0          0          0          0   __rtentry2.o
         6          0          0          0          0          0   __rtentry4.o
        52          8          0          0          0          0   __scatter.o
        28          0          0          0          0          0   __scatter_zi.o
        18          0          0          0          0         80   exit.o
         6          0          0          0          0        152   heapauxi.o
         0          0          0          0          0          0   indicate_semi.o
         2          0          0          0          0          0   libinit.o
         2          0          0          0          0          0   libinit2.o
         2          0          0          0          0          0   libshutdown.o
         2          0          0          0          0          0   libshutdown2.o
         8          4          0          0         96         68   libspace.o
         2          0          0          0          0          0   rtexit.o
        10          0          0          0          0          0   rtexit2.o
        12          4          0          0          0         68   sys_exit.o
        74          0          0          0          0         80   sys_stackheap_outer.o
         2          0          0          0          0         68   use_no_semi.o

    ----------------------------------------------------------------------
       252         16          0          0         96        584   Library Totals
         6          0          0          0          0          0   (incl. Padding)

    ----------------------------------------------------------------------

      Code (inc. data)   RO Data    RW Data    ZI Data      Debug   Library Name

       246         16          0          0         96        584   c_w.l

    ----------------------------------------------------------------------
       252         16          0          0         96        584   Library Totals

    ----------------------------------------------------------------------

==============================================================================


      Code (inc. data)   RO Data    RW Data    ZI Data      Debug   

       776        110        308          0       2880       8109   Grand Totals
       776        110        308          0       2880       8109   ELF Image Totals
       776        110        308          0          0          0   ROM Totals

==============================================================================

    Total RO  Size (Code + RO Data)                 1084 (   1.06kB)
    Total RW  Size (RW Data + ZI Data)              2880 (   2.81kB)
    Total ROM Size (Code + RO Data + RW Data)       1084 (   1.06kB)

==============================================================================

